<?xml version="1.0"?>
<muse version="1.0">
  <drumMapPatch patch="16777215">
    <entry idx="0">
      <name>KickStompTray</name>
      <vol>100</vol>
      <quant>64</quant>
      <len>64</len>
      <channel>-1</channel>
      <port>-1</port>
      <lv3>60</lv3>
      <lv2>80</lv2>
      <lv3>100</lv3>
      <lv4>127</lv4>
      <enote>12</enote>
      <anote>12</anote>
      <mute>0</mute>
      <hide>0</hide>
    </entry>
	<entry idx="1">
      <name>KickStompPrinter</name>
      <vol>100</vol>
      <quant>64</quant>
      <len>64</len>
      <channel>-1</channel>
      <port>-1</port>
      <lv3>60</lv3>
      <lv2>80</lv2>
      <lv3>100</lv3>
      <lv4>127</lv4>
      <enote>16</enote>
      <anote>16</anote>
      <mute>0</mute>
      <hide>0</hide>
    </entry>
    <entry idx="2">
      <name>KickStompDesk</name>
      <vol>100</vol>
      <quant>64</quant>
      <len>64</len>
      <channel>-1</channel>
      <port>-1</port>
      <lv3>60</lv3>
      <lv2>80</lv2>
      <lv3>100</lv3>
      <lv4>127</lv4>
      <enote>14</enote>
      <anote>14</anote>
      <mute>0</mute>
      <hide>0</hide>
    </entry>
    <entry idx="3">
      <name>UkeSpike</name>
      <vol>100</vol>
      <quant>64</quant>
      <len>64</len>
      <channel>-1</channel>
      <port>-1</port>
      <lv3>60</lv3>
      <lv2>80</lv2>
      <lv3>100</lv3>
      <lv4>127</lv4>
      <enote>13</enote>
      <anote>13</anote>
      <mute>0</mute>
      <hide>0</hide>
    </entry>
    <entry idx="4">
      <name>TapDance</name>
      <vol>100</vol>
      <quant>64</quant>
      <len>64</len>
      <channel>-1</channel>
      <port>-1</port>
      <lv3>60</lv3>
      <lv2>80</lv2>
      <lv3>100</lv3>
      <lv4>127</lv4>
      <enote>15</enote>
      <anote>15</anote>
      <mute>0</mute>
      <hide>0</hide>
    </entry>
    <entry idx="5">
      <name>ClapLeft</name>
      <vol>100</vol>
      <quant>64</quant>
      <len>64</len>
      <channel>-1</channel>
      <port>-1</port>
      <lv3>60</lv3>
      <lv2>80</lv2>
      <lv3>100</lv3>
      <lv4>127</lv4>
      <enote>17</enote>
      <anote>17</anote>
      <mute>0</mute>
      <hide>0</hide>
    </entry>
    <entry idx="6">
      <name>ClapRight</name>
      <vol>100</vol>
      <quant>64</quant>
      <len>64</len>
      <channel>-1</channel>
      <port>-1</port>
      <lv3>60</lv3>
      <lv2>80</lv2>
      <lv3>100</lv3>
      <lv4>127</lv4>
      <enote>19</enote>
      <anote>19</anote>
      <mute>0</mute>
      <hide>0</hide>
    </entry>
    <entry idx="7">
      <name>ClapLeftSide</name>
      <vol>100</vol>
      <quant>64</quant>
      <len>64</len>
      <channel>-1</channel>
      <port>-1</port>
      <lv3>60</lv3>
      <lv2>80</lv2>
      <lv3>100</lv3>
      <lv4>127</lv4>
      <enote>21</enote>
      <anote>21</anote>
      <mute>0</mute>
      <hide>0</hide>
    </entry>
    <entry idx="8">
      <name>ClapRightSide</name>
      <vol>100</vol>
      <quant>64</quant>
      <len>64</len>
      <channel>-1</channel>
      <port>-1</port>
      <lv3>60</lv3>
      <lv2>80</lv2>
      <lv3>100</lv3>
      <lv4>127</lv4>
      <enote>23</enote>
      <anote>23</anote>
      <mute>0</mute>
      <hide>0</hide>
    </entry>
    <entry idx="9">
      <name>JointStretch</name>
      <vol>100</vol>
      <quant>64</quant>
      <len>64</len>
      <channel>-1</channel>
      <port>-1</port>
      <lv3>60</lv3>
      <lv2>80</lv2>
      <lv3>100</lv3>
      <lv4>127</lv4>
      <enote>18</enote>
      <anote>18</anote>
      <mute>0</mute>
      <hide>0</hide>
    </entry>
    <entry idx="10">
      <name>Chew</name>
      <vol>100</vol>
      <quant>64</quant>
      <len>64</len>
      <channel>-1</channel>
      <port>-1</port>
      <lv3>60</lv3>
      <lv2>80</lv2>
      <lv3>100</lv3>
      <lv4>127</lv4>
      <enote>20</enote>
      <anote>20</anote>
      <mute>0</mute>
      <hide>0</hide>
    </entry>
    <entry idx="11">
      <name>RhythmRing</name>
      <vol>100</vol>
      <quant>192</quant>
      <len>192</len>
      <channel>-1</channel>
      <port>-1</port>
      <lv3>60</lv3>
      <lv2>80</lv2>
      <lv3>100</lv3>
      <lv4>127</lv4>
      <enote>22</enote>
      <anote>22</anote>
      <mute>0</mute>
      <hide>0</hide>
    </entry>
    <entry idx="12">
      <name>WaistNutLeft</name>
      <vol>100</vol>
      <quant>192</quant>
      <len>192</len>
      <channel>-1</channel>
      <port>-1</port>
      <lv3>60</lv3>
      <lv2>80</lv2>
      <lv3>100</lv3>
      <lv4>127</lv4>
      <enote>25</enote>
      <anote>25</anote>
      <mute>0</mute>
      <hide>0</hide>
    </entry>
    <entry idx="13">
      <name>WaistNutRight</name>
      <vol>100</vol>
      <quant>192</quant>
      <len>192</len>
      <channel>-1</channel>
      <port>-1</port>
      <lv3>60</lv3>
      <lv2>80</lv2>
      <lv3>100</lv3>
      <lv4>127</lv4>
      <enote>27</enote>
      <anote>27</anote>
      <mute>0</mute>
      <hide>0</hide>
    </entry>
  </drumMapPatch>
</muse>
